// Jest Snapshot v1, https://goo.gl/fbAQLP

exports[`<LandingText /> renders 1`] = `
<DocumentFragment>
  <p
    class="landing_text"
  >
    Auto-Invoicer helps small buisnesses generate high quality PDF invoices and track them. Click Buy Now to sign up for 3 free credits to create an invoice. Buisnesses can buy further credits or pay a subscription for unlimited credits.
  </p>
</DocumentFragment>
`;
